// Jest Snapshot v1, https://goo.gl/fbAQLP

exports[`Pruebas en <AppRouter /> Debe mostrarse correctamente 1`] = `
<BrowserRouter>
  <div>
    <Switch>
      <Route
        component={[Function]}
        path="/"
      />
    </Switch>
  </div>
</BrowserRouter>
`;
