// Jest Snapshot v1, https://goo.gl/fbAQLP

exports[`Pruebas en <HomeScreen /> Debe mostrarse correctamente 1`] = `
<div>
  <div
    className="container home__main"
  >
    <h1>
      Stechs Vendors
    </h1>
    <hr />
    <img
      alt="Logo"
      className="home__image"
      src="stechs.png"
    />
  </div>
</div>
`;
